// Jest Snapshot v1, https://goo.gl/fbAQLP

exports[`<PushNotificationNavigator /> should render PushNotification components properly 1`] = `null`;
