// Jest Snapshot v1, https://goo.gl/fbAQLP

exports[`<ConnectionHistoryPendings /> should ConnectionHistoryPending render properly 1`] = `
<View
  fifth={true}
  style={
    Object {
      "backgroundColor": "#ffffff",
      "flex": 1,
    }
  }
/>
`;
