// Jest Snapshot v1, https://goo.gl/fbAQLP

exports[`<LockAuthorization /> should match snapshot 1`] = `
<View
  style={
    Object {
      "flex": 1,
    }
  }
>
  <View
    style={
      Object {
        "backgroundColor": "#ffffff",
        "flex": 1,
      }
    }
    tertiary={true}
  >
    <View
      accessibilityLabel="pin-code-input-boxes-touchable"
      accessible={false}
      center={true}
      hitSlop={
        Object {
          "bottom": 20,
          "left": 20,
          "right": 20,
          "top": 20,
        }
      }
      onResponderGrant={[Function]}
      onResponderMove={[Function]}
      onResponderRelease={[Function]}
      onResponderTerminate={[Function]}
      onResponderTerminationRequest={[Function]}
      onStartShouldSetResponder={[Function]}
      style={
        Object {
          "alignItems": "center",
          "justifyContent": "center",
          "marginBottom": 40,
          "marginTop": 40,
          "minHeight": 30,
        }
      }
      testID="pin-code-input-boxes-touchable"
    >
      <Text
        accessibilityLabel="Enter your passcode"
        accessible={true}
        allowFontScaling={false}
        style={
          Array [
            Object {
              "fontSize": 19,
            },
            Object {
              "fontFamily": "Lato",
            },
            Object {
              "backgroundColor": "#ffffff",
              "color": "#777777",
            },
            Object {
              "fontWeight": "800",
            },
            Object {
              "textAlign": "center",
            },
            null,
            null,
            null,
            null,
            null,
            null,
            null,
            null,
            null,
            Object {
              "letterSpacing": 0.5,
              "lineHeight": 28,
            },
          ]
        }
        testID="pass-code-input-text"
      >
        Enter your passcode
      </Text>
    </View>
    <View
      center={true}
      style={
        Object {
          "alignItems": "center",
          "justifyContent": "center",
        }
      }
    >
      <View
        center={true}
        style={
          Object {
            "alignItems": "center",
            "justifyContent": "center",
          }
        }
      >
        <Text
          style={
            Object {
              "color": "#CE0B24",
              "fontFamily": "Lato",
              "fontSize": 17,
              "fontWeight": "500",
            }
          }
        >
          
        </Text>
      </View>
      <View
        style={Object {}}
      >
        <View
          accessible={true}
          hitSlop={
            Object {
              "bottom": 20,
              "left": 20,
              "right": 20,
              "top": 20,
            }
          }
          onResponderGrant={[Function]}
          onResponderMove={[Function]}
          onResponderRelease={[Function]}
          onResponderTerminate={[Function]}
          onResponderTerminationRequest={[Function]}
          onStartShouldSetResponder={[Function]}
          row={true}
          style={
            Object {
              "flexDirection": "row",
            }
          }
        >
          <View
            accessibilityLabel="pin-code-digit-0-touchable"
            accessible={false}
            center={true}
            hitSlop={
              Object {
                "bottom": 20,
                "left": 20,
                "right": 20,
                "top": 20,
              }
            }
            onResponderGrant={[Function]}
            onResponderMove={[Function]}
            onResponderRelease={[Function]}
            onResponderTerminate={[Function]}
            onResponderTerminationRequest={[Function]}
            onStartShouldSetResponder={[Function]}
            style={
              Object {
                "alignItems": "center",
                "borderBottomColor": "#777777",
                "borderBottomWidth": 5,
                "height": 66,
                "justifyContent": "center",
                "marginHorizontal": 5,
                "width": 38,
              }
            }
            testID="pin-code-digit-0-touchable"
          />
          <View
            accessibilityLabel="pin-code-digit-1-touchable"
            accessible={false}
            center={true}
            hitSlop={
              Object {
                "bottom": 20,
                "left": 20,
                "right": 20,
                "top": 20,
              }
            }
            onResponderGrant={[Function]}
            onResponderMove={[Function]}
            onResponderRelease={[Function]}
            onResponderTerminate={[Function]}
            onResponderTerminationRequest={[Function]}
            onStartShouldSetResponder={[Function]}
            style={
              Object {
                "alignItems": "center",
                "borderBottomColor": "#777777",
                "borderBottomWidth": 5,
                "height": 66,
                "justifyContent": "center",
                "marginHorizontal": 5,
                "width": 38,
              }
            }
            testID="pin-code-digit-1-touchable"
          />
          <View
            accessibilityLabel="pin-code-digit-2-touchable"
            accessible={false}
            center={true}
            hitSlop={
              Object {
                "bottom": 20,
                "left": 20,
                "right": 20,
                "top": 20,
              }
            }
            onResponderGrant={[Function]}
            onResponderMove={[Function]}
            onResponderRelease={[Function]}
            onResponderTerminate={[Function]}
            onResponderTerminationRequest={[Function]}
            onStartShouldSetResponder={[Function]}
            style={
              Object {
                "alignItems": "center",
                "borderBottomColor": "#777777",
                "borderBottomWidth": 5,
                "height": 66,
                "justifyContent": "center",
                "marginHorizontal": 5,
                "width": 38,
              }
            }
            testID="pin-code-digit-2-touchable"
          />
          <View
            accessibilityLabel="pin-code-digit-3-touchable"
            accessible={false}
            center={true}
            hitSlop={
              Object {
                "bottom": 20,
                "left": 20,
                "right": 20,
                "top": 20,
              }
            }
            onResponderGrant={[Function]}
            onResponderMove={[Function]}
            onResponderRelease={[Function]}
            onResponderTerminate={[Function]}
            onResponderTerminationRequest={[Function]}
            onStartShouldSetResponder={[Function]}
            style={
              Object {
                "alignItems": "center",
                "borderBottomColor": "#777777",
                "borderBottomWidth": 5,
                "height": 66,
                "justifyContent": "center",
                "marginHorizontal": 5,
                "width": 38,
              }
            }
            testID="pin-code-digit-3-touchable"
          />
          <View
            accessibilityLabel="pin-code-digit-4-touchable"
            accessible={false}
            center={true}
            hitSlop={
              Object {
                "bottom": 20,
                "left": 20,
                "right": 20,
                "top": 20,
              }
            }
            onResponderGrant={[Function]}
            onResponderMove={[Function]}
            onResponderRelease={[Function]}
            onResponderTerminate={[Function]}
            onResponderTerminationRequest={[Function]}
            onStartShouldSetResponder={[Function]}
            style={
              Object {
                "alignItems": "center",
                "borderBottomColor": "#777777",
                "borderBottomWidth": 5,
                "height": 66,
                "justifyContent": "center",
                "marginHorizontal": 5,
                "width": 38,
              }
            }
            testID="pin-code-digit-4-touchable"
          />
          <View
            accessibilityLabel="pin-code-digit-5-touchable"
            accessible={false}
            center={true}
            hitSlop={
              Object {
                "bottom": 20,
                "left": 20,
                "right": 20,
                "top": 20,
              }
            }
            onResponderGrant={[Function]}
            onResponderMove={[Function]}
            onResponderRelease={[Function]}
            onResponderTerminate={[Function]}
            onResponderTerminationRequest={[Function]}
            onStartShouldSetResponder={[Function]}
            style={
              Object {
                "alignItems": "center",
                "borderBottomColor": "#777777",
                "borderBottomWidth": 5,
                "height": 66,
                "justifyContent": "center",
                "marginHorizontal": 5,
                "width": 38,
              }
            }
            testID="pin-code-digit-5-touchable"
          />
        </View>
        <TextInput
          accessibilityLabel="pin-code-input-box"
          accessible={true}
          autoCorrect={false}
          autoFocus={true}
          blurOnSubmit={false}
          editable={true}
          enablesReturnKeyAutomatically={false}
          keyboardAppearance="dark"
          keyboardType="number-pad"
          maxLength={6}
          onChangeText={[Function]}
          style={
            Object {
              "height": 0,
              "position": "absolute",
              "right": -999,
              "width": 0,
            }
          }
          testID="pin-code-input-box"
          value=""
        />
      </View>
    </View>
  </View>
</View>
`;
