// Jest Snapshot v1, https://goo.gl/fbAQLP

exports[`should render divider with left and right 1`] = `
<View
  style={
    Array [
      Object {
        "flex": 1,
      },
      Object {
        "backgroundColor": "#EBEBEA",
        "flexDirection": "row",
        "paddingHorizontal": 10,
        "paddingVertical": 5,
      },
      undefined,
    ]
  }
>
  <View
    style={
      Array [
        Object {
          "flex": 1,
        },
        Object {
          "alignItems": "flex-start",
        },
      ]
    }
  >
    <View>
      <Text
        accessible={true}
        allowFontScaling={true}
        ellipsizeMode="tail"
      >
        Test Text
      </Text>
    </View>
  </View>
  <View
    style={
      Array [
        Object {
          "flex": 1,
        },
        Object {
          "alignItems": "flex-end",
        },
      ]
    }
  >
    <View />
  </View>
</View>
`;
