// Jest Snapshot v1, https://goo.gl/fbAQLP

exports[`<LoadingIndicator /> should render properly and match the snapshot 1`] = `
<ActivityIndicator
  animating={true}
  color="#777777"
  hidesWhenStopped={true}
  size="large"
/>
`;
