// Jest Snapshot v1, https://goo.gl/fbAQLP

exports[`user about app screen should render properly and snapshot should match 1`] = `
<View
  style={
    Object {
      "backgroundColor": "#ffffff",
      "flex": 1,
    }
  }
  tertiary={true}
>
  <View
    center={true}
    doubleVerticalSpace={true}
    style={
      Object {
        "alignItems": "center",
        "justifyContent": "center",
        "paddingVertical": 16,
      }
    }
  >
    <Image
      source={
        Object {
          "default": "RelativeImageStub",
        }
      }
    />
    <View
      center={true}
      doubleVerticalSpace={true}
      style={
        Object {
          "alignItems": "center",
          "justifyContent": "center",
          "paddingVertical": 16,
        }
      }
    >
      <Text
        allowFontScaling={false}
        style={
          Array [
            Object {
              "fontSize": 17,
            },
            Object {
              "fontFamily": "Lato",
            },
            Object {
              "backgroundColor": "#ffffff",
              "color": "#777777",
            },
            Object {
              "fontWeight": "600",
            },
            null,
            Object {
              "backgroundColor": "transparent",
            },
            null,
            null,
            null,
            null,
            null,
            null,
            null,
            null,
          ]
        }
      >
        VERSION # 
        1.0
        .
        500
      </Text>
    </View>
    <View
      center={true}
      style={
        Object {
          "alignItems": "center",
          "justifyContent": "center",
          "paddingVertical": 8,
        }
      }
      verticalSpace={true}
    >
      <Text
        allowFontScaling={false}
        style={
          Array [
            Object {
              "fontSize": 17,
            },
            Object {
              "fontFamily": "Lato",
            },
            Object {
              "backgroundColor": "#ffffff",
              "color": "#777777",
            },
            Object {
              "fontWeight": "600",
            },
            null,
            Object {
              "backgroundColor": "transparent",
            },
            null,
            null,
            null,
            null,
            null,
            null,
            null,
            null,
          ]
        }
      >
        DEMO
      </Text>
    </View>
    <View
      style={
        Object {
          "alignItems": "center",
          "borderBottomColor": "#D8D8D8",
          "borderBottomWidth": 2,
          "height": 2,
          "paddingVertical": 8,
          "width": 140,
        }
      }
      vCenter={true}
      verticalSpace={true}
    />
    <View
      doubleVerticalSpace={true}
      style={
        Object {
          "paddingVertical": 16,
        }
      }
    >
      <Text
        allowFontScaling={false}
        style={
          Array [
            Object {
              "fontSize": 12,
            },
            Object {
              "fontFamily": "Lato",
            },
            Object {
              "backgroundColor": "#ffffff",
              "color": "#777777",
            },
            null,
            null,
            Object {
              "backgroundColor": "transparent",
            },
            null,
            null,
            null,
            null,
            null,
            null,
            null,
            null,
            Object {
              "paddingBottom": 10,
            },
          ]
        }
      >
        built by
      </Text>
      <Image
        source={
          Object {
            "default": "RelativeImageStub",
          }
        }
      />
    </View>
    <View
      style={
        Object {
          "paddingVertical": 8,
        }
      }
      verticalSpace={true}
    >
      <Text
        allowFontScaling={false}
        style={
          Array [
            Object {
              "fontSize": 12,
            },
            Object {
              "fontFamily": "Lato",
            },
            Object {
              "backgroundColor": "#ffffff",
              "color": "#777777",
            },
            null,
            null,
            Object {
              "backgroundColor": "transparent",
            },
            null,
            null,
            null,
            null,
            null,
            null,
            null,
            null,
            Object {
              "paddingBottom": 5,
            },
          ]
        }
      >
        powered by
      </Text>
      <Image
        source={
          Object {
            "default": "RelativeImageStub",
          }
        }
      />
    </View>
  </View>
  <View
    style={
      Object {
        "flex": 1,
      }
    }
  >
    <View
      accessible={true}
      focusable={true}
      isTVSelectable={true}
      onClick={[Function]}
      onResponderGrant={[Function]}
      onResponderMove={[Function]}
      onResponderRelease={[Function]}
      onResponderTerminate={[Function]}
      onResponderTerminationRequest={[Function]}
      onStartShouldSetResponder={[Function]}
      style={null}
    >
      <View
        style={
          Object {
            "alignItems": "center",
            "backgroundColor": "white",
            "borderColor": "#bcbbc1",
            "flexDirection": "row",
            "padding": 14,
          }
        }
      >
        <View
          style={
            Object {
              "flex": 1,
              "justifyContent": "center",
            }
          }
        >
          <View
            style={Object {}}
          >
            <Text
              allowFontScaling={false}
              style={
                Array [
                  Object {
                    "fontSize": 17,
                  },
                  Object {
                    "fontFamily": "Lato",
                  },
                  Object {
                    "backgroundColor": "#ffffff",
                    "color": "#777777",
                  },
                  Object {
                    "fontWeight": "600",
                  },
                  null,
                  null,
                  null,
                  null,
                  null,
                  null,
                  null,
                  null,
                  null,
                  null,
                ]
              }
            >
              Terms and Conditions
            </Text>
          </View>
        </View>
        <View
          width={16}
        />
        <View
          style={
            Object {
              "transform": Array [
                Object {
                  "scale": 1,
                },
              ],
            }
          }
        >
          <RNSVGSvgView
            align="xMidYMid"
            bbHeight={22.97142857142857}
            bbWidth={22.97142857142857}
            color={4289045925}
            fill="#A5A5A5"
            focusable={false}
            height={22.97142857142857}
            meetOrSlice={0}
            minX={0}
            minY={0}
            style={
              Array [
                Object {
                  "backgroundColor": "transparent",
                  "borderWidth": 0,
                },
                Object {
                  "flex": 0,
                  "height": 22,
                  "width": 22,
                },
              ]
            }
            tintColor={4289045925}
            vbHeight={24}
            vbWidth={24}
            width={22.97142857142857}
          >
            <RNSVGGroup
              fill={4289045925}
              propList={
                Array [
                  "fill",
                ]
              }
            >
              <RNSVGGroup>
                <RNSVGGroup>
                  <RNSVGRect
                    height="24"
                    matrix={
                      Array [
                        6.123233995736766e-17,
                        -1,
                        1,
                        6.123233995736766e-17,
                        0,
                        24,
                      ]
                    }
                    opacity={0}
                    width="24"
                    x={0}
                    y={0}
                  />
                  <RNSVGPath
                    d="M10.5 17a1 1 0 0 1-.71-.29 1 1 0 0 1 0-1.42L13.1 12 9.92 8.69a1 1 0 0 1 0-1.41 1 1 0 0 1 1.42 0l3.86 4a1 1 0 0 1 0 1.4l-4 4a1 1 0 0 1-.7.32z"
                  />
                </RNSVGGroup>
              </RNSVGGroup>
            </RNSVGGroup>
          </RNSVGSvgView>
        </View>
      </View>
    </View>
    <View
      accessible={true}
      focusable={true}
      isTVSelectable={true}
      onClick={[Function]}
      onResponderGrant={[Function]}
      onResponderMove={[Function]}
      onResponderRelease={[Function]}
      onResponderTerminate={[Function]}
      onResponderTerminationRequest={[Function]}
      onStartShouldSetResponder={[Function]}
      style={null}
    >
      <View
        style={
          Object {
            "alignItems": "center",
            "backgroundColor": "white",
            "borderColor": "#bcbbc1",
            "flexDirection": "row",
            "padding": 14,
          }
        }
      >
        <View
          style={
            Object {
              "flex": 1,
              "justifyContent": "center",
            }
          }
        >
          <View
            style={Object {}}
          >
            <Text
              allowFontScaling={false}
              style={
                Array [
                  Object {
                    "fontSize": 17,
                  },
                  Object {
                    "fontFamily": "Lato",
                  },
                  Object {
                    "backgroundColor": "#ffffff",
                    "color": "#777777",
                  },
                  Object {
                    "fontWeight": "600",
                  },
                  null,
                  null,
                  null,
                  null,
                  null,
                  null,
                  null,
                  null,
                  null,
                  null,
                ]
              }
            >
              Privacy Policy
            </Text>
          </View>
        </View>
        <View
          width={16}
        />
        <View
          style={
            Object {
              "transform": Array [
                Object {
                  "scale": 1,
                },
              ],
            }
          }
        >
          <RNSVGSvgView
            align="xMidYMid"
            bbHeight={22.97142857142857}
            bbWidth={22.97142857142857}
            color={4289045925}
            fill="#A5A5A5"
            focusable={false}
            height={22.97142857142857}
            meetOrSlice={0}
            minX={0}
            minY={0}
            style={
              Array [
                Object {
                  "backgroundColor": "transparent",
                  "borderWidth": 0,
                },
                Object {
                  "flex": 0,
                  "height": 22,
                  "width": 22,
                },
              ]
            }
            tintColor={4289045925}
            vbHeight={24}
            vbWidth={24}
            width={22.97142857142857}
          >
            <RNSVGGroup
              fill={4289045925}
              propList={
                Array [
                  "fill",
                ]
              }
            >
              <RNSVGGroup>
                <RNSVGGroup>
                  <RNSVGRect
                    height="24"
                    matrix={
                      Array [
                        6.123233995736766e-17,
                        -1,
                        1,
                        6.123233995736766e-17,
                        0,
                        24,
                      ]
                    }
                    opacity={0}
                    width="24"
                    x={0}
                    y={0}
                  />
                  <RNSVGPath
                    d="M10.5 17a1 1 0 0 1-.71-.29 1 1 0 0 1 0-1.42L13.1 12 9.92 8.69a1 1 0 0 1 0-1.41 1 1 0 0 1 1.42 0l3.86 4a1 1 0 0 1 0 1.4l-4 4a1 1 0 0 1-.7.32z"
                  />
                </RNSVGGroup>
              </RNSVGGroup>
            </RNSVGGroup>
          </RNSVGSvgView>
        </View>
      </View>
    </View>
  </View>
</View>
`;
