// Jest Snapshot v1, https://goo.gl/fbAQLP

exports[`<Badge /> should render dark colored badge 1`] = `
<View
  clearBg={true}
  style={
    Object {
      "backgroundColor": "transparent",
    }
  }
>
  <Image
    accessible={true}
    focusable={true}
    onClick={[Function]}
    onResponderGrant={[Function]}
    onResponderMove={[Function]}
    onResponderRelease={[Function]}
    onResponderTerminate={[Function]}
    onResponderTerminationRequest={[Function]}
    onStartShouldSetResponder={[Function]}
    resizeMode="contain"
    source={
      Object {
        "default": "RelativeImageStub",
      }
    }
    style={
      Object {
        "height": 26,
        "width": 22,
      }
    }
  />
  <Text
    style={
      Array [
        Object {
          "fontFamily": "Lato",
          "fontSize": 12,
          "fontWeight": "bold",
        },
        Object {
          "color": "#f0f0f0",
        },
        Object {
          "textAlign": "center",
          "textAlignVertical": "center",
        },
        Object {},
      ]
    }
  >
    10
  </Text>
</View>
`;

exports[`<Badge /> should render light colored badge 1`] = `
<View
  clearBg={true}
  style={
    Object {
      "backgroundColor": "transparent",
    }
  }
>
  <Image
    accessible={true}
    focusable={true}
    onClick={[Function]}
    onResponderGrant={[Function]}
    onResponderMove={[Function]}
    onResponderRelease={[Function]}
    onResponderTerminate={[Function]}
    onResponderTerminationRequest={[Function]}
    onStartShouldSetResponder={[Function]}
    resizeMode="contain"
    source={
      Object {
        "default": "RelativeImageStub",
      }
    }
    style={
      Object {
        "height": 26,
        "width": 22,
      }
    }
  />
  <Text
    style={
      Array [
        Object {
          "fontFamily": "Lato",
          "fontSize": 12,
          "fontWeight": "bold",
        },
        Object {
          "color": "#f0f0f0",
        },
        Object {
          "textAlign": "center",
          "textAlignVertical": "center",
        },
        Object {},
      ]
    }
  >
    10
  </Text>
</View>
`;
