// Jest Snapshot v1, https://goo.gl/fbAQLP

exports[`<QRScanner /> should match snapshot 1`] = `
<View
  style={
    Object {
      "flex": 1,
    }
  }
>
  <View>
    <View
      center={true}
      style={
        Object {
          "alignItems": "center",
          "bottom": 0,
          "justifyContent": "center",
          "left": 0,
          "position": "absolute",
          "right": 0,
          "top": 0,
        }
      }
    >
      <Text
        accessible={true}
        allowFontScaling={true}
        ellipsizeMode="tail"
        style={
          Array [
            Object {
              "fontSize": 17,
            },
            Object {
              "fontFamily": "SF Pro Display",
            },
            Object {
              "backgroundColor": "#333333",
              "color": "#ffffff",
            },
            null,
            null,
            Object {
              "backgroundColor": "transparent",
            },
          ]
        }
      >
        Scan QR Code
      </Text>
      <View
        spaceBetween={true}
        style={
          Object {
            "height": 250,
            "justifyContent": "space-between",
            "marginVertical": 20,
            "width": 250,
          }
        }
        transparentBg={true}
      >
        <View
          row={true}
          spaceBetween={true}
          style={
            Object {
              "flexDirection": "row",
              "justifyContent": "space-between",
            }
          }
        >
          <View
            style={
              Object {
                "borderColor": "#ffffff",
                "borderLeftWidth": 5,
                "borderTopWidth": 5,
                "height": 50,
                "width": 50,
              }
            }
            transparentBg={true}
          />
          <View
            style={
              Object {
                "borderColor": "#ffffff",
                "borderRightWidth": 5,
                "borderTopWidth": 5,
                "height": 50,
                "width": 50,
              }
            }
            transparentBg={true}
          />
        </View>
        <View
          row={true}
          spaceBetween={true}
          style={
            Object {
              "flexDirection": "row",
              "justifyContent": "space-between",
            }
          }
        >
          <View
            style={
              Object {
                "borderBottomWidth": 5,
                "borderColor": "#ffffff",
                "borderLeftWidth": 5,
                "height": 50,
                "width": 50,
              }
            }
            transparentBg={true}
          />
          <View
            style={
              Object {
                "borderBottomWidth": 5,
                "borderColor": "#ffffff",
                "borderRightWidth": 5,
                "height": 50,
                "width": 50,
              }
            }
            transparentBg={true}
          />
        </View>
      </View>
      <Text
        accessible={true}
        allowFontScaling={true}
        ellipsizeMode="tail"
        style={
          Array [
            Object {
              "fontSize": 17,
            },
            Object {
              "fontFamily": "SF Pro Display",
            },
            Object {
              "backgroundColor": "#333333",
              "color": "#ffffff",
            },
            null,
            null,
            Object {
              "backgroundColor": "transparent",
            },
            Object {
              "color": "#ffffff",
            },
          ]
        }
      >
        scanning...
      </Text>
      <View
        center={true}
        row={true}
        style={
          Object {
            "alignItems": "center",
            "flexDirection": "row",
            "justifyContent": "center",
            "marginVertical": 20,
          }
        }
        testID="close-qr-scanner-container"
      >
        <View
          accessibilityComponentType={undefined}
          accessibilityLabel={undefined}
          accessibilityTraits={undefined}
          accessible={true}
          hasTVPreferredFocus={undefined}
          hitSlop={undefined}
          isTVSelectable={true}
          onLayout={undefined}
          onResponderGrant={[Function]}
          onResponderMove={[Function]}
          onResponderRelease={[Function]}
          onResponderTerminate={[Function]}
          onResponderTerminationRequest={[Function]}
          onStartShouldSetResponder={[Function]}
          style={
            Array [
              Object {
                "backgroundColor": "transparent",
              },
              undefined,
            ]
          }
          testID="close-qr-scanner-button"
          tvParallaxProperties={undefined}
        >
          <Image
            onPress={[Function]}
            source={1}
            testID="close-qr-scanner-icon"
          />
        </View>
      </View>
      <View
        style={
          Object {
            "backgroundColor": "rgba(0, 0, 0, 0.2)",
            "bottom": 0,
            "left": 0,
            "position": "absolute",
            "right": 0,
            "top": 0,
            "zIndex": -1,
          }
        }
      />
    </View>
  </View>
</View>
`;
